GDTEST_ANALYZER_ERROR
>> ERROR at line 18: "@abstract" annotation can only be used once per variable.
>> ERROR at line 21: An abstract variable cannot have an initializer.
>> ERROR at line 11: Class "ConcreteUnfulfilled" must provide a value for "BaseAbstractVar.a" and other inherited abstract variables or be marked as "@abstract".
>> ERROR at line 14: Class "ConcreteDeclaresAbstractVar" is not abstract but contains abstract variables. Mark the class as "@abstract" or remove "@abstract" from all variables in this class.
