GDTEST_ANALYZER_ERROR
>> ERROR at line 5: The member "V" already exists in base class "A".
