GDTEST_ANALYZER_ERROR
>> ERROR at line 3: The member "script" already exists in base class "Node".
