GDTEST_ANALYZER_ERROR
>> ERROR at line 9: The member "overload_me" already exists in base class "A".
